// Jest Snapshot v1, https://goo.gl/fbAQLP

exports[`ArticleCard renders properly 1`] = `
.c8 {
  font-family: Unica77LLWebMedium,'Helvetica Neue',Helvetica,Arial,sans-serif;
  font-weight: 500;
  font-size: 14px;
  line-height: 20px;
}

.c9 {
  margin: 10px 20px 0 0;
}

.c9::before {
  content: "";
  display: inline-block;
  width: 8px;
  height: 8px;
  border-radius: 50%;
  margin: 0 5px 1px 0;
  background-color: black;
}

.c10 {
  margin: 5px 20px 0 0;
  white-space: nowrap;
}

.c7 {
  display: -webkit-box;
  display: -webkit-flex;
  display: -ms-flexbox;
  display: flex;
  -webkit-flex-wrap: wrap;
  -ms-flex-wrap: wrap;
  flex-wrap: wrap;
  -webkit-align-items: flex-end;
  -webkit-box-align: flex-end;
  -ms-flex-align: flex-end;
  align-items: flex-end;
  color: black;
}

.c17 {
  width: 32px;
  height: 32px;
}

.c14 {
  width: 100%;
  height: 100%;
  object-fit: cover;
  object-position: center;
  -webkit-transition: opacity 0.15s;
  transition: opacity 0.15s;
  display: block;
}

.c12 {
  position: relative;
  width: 50%;
  height: inherit;
  margin-left: 30px;
}

.c3 {
  border: 1px solid;
  border-radius: 2px;
  color: black;
  cursor: pointer;
  -webkit-text-decoration: none;
  text-decoration: none;
  padding: 30px;
  display: -webkit-box;
  display: -webkit-flex;
  display: -ms-flexbox;
  display: flex;
}

.c3 .c13 {
  opacity: 1;
}

.c3:hover .c13 {
  opacity: 0.7;
}

.c3 .c11 {
  background: white;
}

.c4 {
  display: -webkit-box;
  display: -webkit-flex;
  display: -ms-flexbox;
  display: flex;
  -webkit-flex-direction: column;
  -ms-flex-direction: column;
  flex-direction: column;
  -webkit-box-pack: justify;
  -webkit-justify-content: space-between;
  -ms-flex-pack: justify;
  justify-content: space-between;
  width: 50%;
  margin-bottom: 5px;
}

.c5 {
  font-family: Unica77LLWebRegular,Arial,serif;
  -webkit-font-smoothing: antialiased;
  font-size: 45px;
  line-height: 1.2em;
  margin-bottom: 30px;
}

.c6 {
  font-family: 'Adobe Garamond W08','adobe-garamond-pro','AGaramondPro-Regular','Times New Roman',Times,serif;
  font-size: 23px;
  line-height: 1.5em;
  -webkit-font-smoothing: antialiased;
}

.c16 {
  position: absolute;
  left: 20px;
  bottom: 20px;
  right: 20px;
  display: -webkit-box;
  display: -webkit-flex;
  display: -ms-flexbox;
  display: flex;
  -webkit-box-pack: justify;
  -webkit-justify-content: space-between;
  -ms-flex-pack: justify;
  justify-content: space-between;
  -webkit-align-items: flex-end;
  -webkit-box-align: flex-end;
  -ms-flex-align: flex-end;
  align-items: flex-end;
}

.c15 svg {
  width: 40px;
}

.c1 {
  box-sizing: border-box;
  -webkit-flex: 0 0 auto;
  -ms-flex: 0 0 auto;
  flex: 0 0 auto;
  padding-right: 0.5rem;
  padding-left: 0.5rem;
}

.c0 {
  color: black;
}

.c0 .c2 {
  margin-bottom: 60px;
}

@media (max-width:900px) {
  .c12 {
    width: 100%;
    margin-left: 0;
    margin-bottom: 10px;
  }
}

@media (max-width:900px) {
  .c3 {
    -webkit-flex-direction: column-reverse;
    -ms-flex-direction: column-reverse;
    flex-direction: column-reverse;
    padding: 20px;
  }
}

@media (max-width:900px) {
  .c4 {
    width: 100%;
    margin-bottom: 0;
  }
}

@media (max-width:900px) {
  .c5 {
    font-family: Unica77LLWebRegular,Arial,serif;
    -webkit-font-smoothing: antialiased;
    font-size: 32px;
    line-height: 1.1em;
  }
}

@media (max-width:900px) {
  .c6 {
    font-family: 'Adobe Garamond W08','adobe-garamond-pro','AGaramondPro-Regular','Times New Roman',Times,serif;
    font-size: 19px;
    line-height: 1.5em;
    -webkit-font-smoothing: antialiased;
    margin-bottom: 20px;
  }
}

@media (max-width:900px) {
  .c15 svg {
    width: 30px;
  }
}

@media only screen and (min-width:0em) {
  .c1 {
    -webkit-flex-basis: 100%;
    -ms-flex-preferred-size: 100%;
    flex-basis: 100%;
    max-width: 100%;
    display: block;
  }
}

@media (max-width:64em) {
  .c0 .c2 {
    margin-bottom: 40px;
  }
}

<div
  className="c0"
  color="black"
>
  <div
    className="c1"
  >
    <a
      className="ArticleCard c2 c3"
      color="black"
      href="new-yorks-next-art-district"
      onClick={[Function]}
    >
      <div
        className="c4"
      >
        <div>
          <div
            className="c5"
          >
            New York's Next Art District
          </div>
          <div
            className="c6"
          >
            Land exhibitions, make influential contacts, and gain valuable feedback about your work.
          </div>
        </div>
        <div
          className="Byline c7"
          color="black"
        >
          <div
            className="c8"
            fontFamily={
              Object {
                "fontFamily": "Unica77LLWebMedium, 'Helvetica Neue', Helvetica, Arial, sans-serif",
                "fontWeight": 500,
              }
            }
            fontSize="14px"
          >
            <div
              className="c9"
              color="black"
            >
              Casey Lesser
            </div>
          </div>
          <div
            className="c10"
          >
            <div
              className="c8"
              fontFamily={
                Object {
                  "fontFamily": "Unica77LLWebMedium, 'Helvetica Neue', Helvetica, Arial, sans-serif",
                  "fontWeight": 500,
                }
              }
              fontSize="14px"
            >
              May 19, 2017
            </div>
          </div>
        </div>
      </div>
      <div
        className="c11 c12"
      >
        <img
          className="c13 c14"
          src="https://d7hftxdivxxvm.cloudfront.net?resize_to=fill&src=https%3A%2F%2Fartsy-media-uploads.s3.amazonaws.com%2F7lsxxsw0qPAuKl37jEYitw%252Farticle%2Basset%2B1-hig%2Bres%2Bcopy.jpg&width=680&height=450&quality=95"
        />
      </div>
    </a>
  </div>
  <div
    className="c1"
  >
    <a
      className="ArticleCard c2 c3"
      color="black"
      href="joanne-artman-gallery-poetry-naturerefinement-form"
      onClick={[Function]}
    >
      <div
        className="c4"
      >
        <div>
          <div
            className="c5"
          >
            New Study Shows the Gender Pay Gap for Artists Is Not So Simple
          </div>
          <div
            className="c6"
          >
            The elegant spiral of the Nautilus shell, the sinuous pattern of the banks of a river, or the swirling vortex street of clouds - patterns exist.
          </div>
        </div>
        <div
          className="c10"
        >
          <div
            className="c8"
            fontFamily={
              Object {
                "fontFamily": "Unica77LLWebMedium, 'Helvetica Neue', Helvetica, Arial, sans-serif",
                "fontWeight": 500,
              }
            }
            fontSize="14px"
          >
            Aug 28, 2017
          </div>
        </div>
      </div>
      <div
        className="c11 c12"
      >
        <img
          className="c13 c14"
          src="https://d7hftxdivxxvm.cloudfront.net?resize_to=fill&src=https%3A%2F%2Fartsy-media-uploads.s3.amazonaws.com%2FwHFgQlrTrHav5O6bQRJ0dg%252FUntitled%2BSuspended_30x67x33%2B%25282%2529_sm%2Bcropped.jpg&width=680&height=450&quality=95"
        />
        <div
          className="c15 c16"
        >
          <svg
            className="c17"
            version="1.1"
            viewBox="0 0 40 56"
            x="0px"
            xmlns="http://www.w3.org/2000/svg"
            y="0px"
          >
            <g
              fill="none"
              fillRule="evenodd"
              stroke="none"
              strokeWidth="1"
            >
              <polygon
                fill="black"
                points="0 0 0 56 39.3600006 28"
              />
            </g>
          </svg>
          <div
            className="c8"
            fontFamily={
              Object {
                "fontFamily": "Unica77LLWebMedium, 'Helvetica Neue', Helvetica, Arial, sans-serif",
                "fontWeight": 500,
              }
            }
            fontSize="14px"
          >
            02:28
          </div>
        </div>
      </div>
    </a>
  </div>
</div>
`;
