// Jest Snapshot v1, https://goo.gl/fbAQLP

exports[`SubNav renders SubNav 1`] = `
.c4 {
  background: #e5e5e5;
  color: black;
  display: -webkit-inline-box;
  display: -webkit-inline-flex;
  display: -ms-inline-flexbox;
  display: inline-flex;
  -webkit-flex-direction: column;
  -ms-flex-direction: column;
  flex-direction: column;
  -webkit-align-items: center;
  -webkit-box-align: center;
  -ms-flex-align: center;
  align-items: center;
  -webkit-box-pack: center;
  -webkit-justify-content: center;
  -ms-flex-pack: center;
  justify-content: center;
  padding: 15px 30px;
  font-size: 13px;
  line-height: 1;
  outline: 0;
  -webkit-transition: background-color 0.25s,color 0.25s;
  transition: background-color 0.25s,color 0.25s;
  margin: 10px;
  border: none;
  box-sizing: border-box;
  text-decoration: none;
  font-family: 'ITC Avant Garde Gothic W04', 'AvantGardeGothicITCW01D 731075', 'AvantGardeGothicITCW01Dm', 'Helvetica', 'sans-serif';
  -webkit-font-smoothing: antialiased;
  text-transform: uppercase;
  -webkit-letter-spacing: 1px;
  -moz-letter-spacing: 1px;
  -ms-letter-spacing: 1px;
  letter-spacing: 1px;
}

.c4:hover:not(:disabled) {
  cursor: pointer;
  background: #cccccc;
}

.c3 {
  background: black;
  color: white;
  font-family: 'ITC Avant Garde Gothic W04', 'AvantGardeGothicITCW01D 731075', 'AvantGardeGothicITCW01Dm', 'Helvetica', 'sans-serif';
  -webkit-font-smoothing: antialiased;
  text-transform: uppercase;
  -webkit-letter-spacing: 1px;
  -moz-letter-spacing: 1px;
  -ms-letter-spacing: 1px;
  letter-spacing: 1px;
  font-size: 11px;
  line-height: 1.65em;
  -webkit-letter-spacing: 1px;
  -moz-letter-spacing: 1px;
  -ms-letter-spacing: 1px;
  letter-spacing: 1px;
  height: 30px;
  width: 80px;
  border-radius: 2px;
  margin: 8px;
}

.c3:hover:not(:disabled) {
  background: #6e1fff;
}

.c6 {
  background: #e5e5e5;
  color: black;
  display: -webkit-inline-box;
  display: -webkit-inline-flex;
  display: -ms-inline-flexbox;
  display: inline-flex;
  -webkit-flex-direction: column;
  -ms-flex-direction: column;
  flex-direction: column;
  -webkit-align-items: center;
  -webkit-box-align: center;
  -ms-flex-align: center;
  align-items: center;
  -webkit-box-pack: center;
  -webkit-justify-content: center;
  -ms-flex-pack: center;
  justify-content: center;
  padding: 15px 30px;
  font-size: 13px;
  line-height: 1;
  outline: 0;
  -webkit-transition: background-color 0.25s,color 0.25s;
  transition: background-color 0.25s,color 0.25s;
  margin: 10px;
  border: none;
  box-sizing: border-box;
  text-decoration: none;
  font-family: 'ITC Avant Garde Gothic W04', 'AvantGardeGothicITCW01D 731075', 'AvantGardeGothicITCW01Dm', 'Helvetica', 'sans-serif';
  -webkit-font-smoothing: antialiased;
  text-transform: uppercase;
  -webkit-letter-spacing: 1px;
  -moz-letter-spacing: 1px;
  -ms-letter-spacing: 1px;
  letter-spacing: 1px;
  font-family: 'ITC Avant Garde Gothic W04', 'AvantGardeGothicITCW01D 731075', 'AvantGardeGothicITCW01Dm', 'Helvetica', 'sans-serif';
  -webkit-font-smoothing: antialiased;
  text-transform: uppercase;
  -webkit-letter-spacing: 1px;
  -moz-letter-spacing: 1px;
  -ms-letter-spacing: 1px;
  letter-spacing: 1px;
  font-size: 11px;
  line-height: 1.65em;
  -webkit-letter-spacing: 1px;
  -moz-letter-spacing: 1px;
  -ms-letter-spacing: 1px;
  letter-spacing: 1px;
  height: 30px;
  width: 80px;
  background-color: white;
  border-radius: 2px;
  margin: 8px;
}

.c6:hover:not(:disabled) {
  cursor: pointer;
  background: #cccccc;
}

.c1 {
  text-decoration: none;
}

.c8 {
  display: none;
  margin-right: 5px;
  max-width: 32px;
}

.c0 {
  display: -webkit-box;
  display: -webkit-flex;
  display: -ms-flexbox;
  display: flex;
  height: 100%;
}

@media (max-width:720px) {
  .c0 .c2,
  .c0 .c5 {
    display: none;
  }

  .c0 .c7 {
    display: -webkit-box;
    display: -webkit-flex;
    display: -ms-flexbox;
    display: flex;
    -webkit-align-items: center;
    -webkit-box-align: center;
    -ms-flex-align: center;
    align-items: center;
  }
}

<div
  className="c0"
>
  <a
    className="mlh-login c1"
    href="/log_in"
  >
    <button
      className="c2 c3 c4"
    >
      <span>
        Login
      </span>
    </button>
  </a>
  <a
    className="mlh-signup c1"
    href="/sign_up"
  >
    <button
      className="c5 c6"
    >
      <span>
        Signup
      </span>
    </button>
  </a>
  <div
    className="c7 c8"
  >
    <svg
      enableBackground="new 0 0 32 32"
      fill="white"
      onClick={[Function]}
      version="1.1"
      viewBox="0 0 32 32"
      width="32px"
      xmlns="http://www.w3.org/2000/svg"
    >
      <rect
        height="2"
        width="20"
        x="6"
        y="22"
      />
      <rect
        height="2"
        width="20"
        x="6"
        y="15"
      />
      <rect
        height="2"
        width="20"
        x="6"
        y="8"
      />
    </svg>
  </div>
</div>
`;
