// Jest Snapshot v1, https://goo.gl/fbAQLP

exports[`renders properly 1`] = `
<div
  className="imageset-preview file__Wrapper-s1l6im62-0 krPgOf"
>
  <div
    className="imageset-preview__container"
    style={
      Object {
        "display": "flex",
      }
    }
  >
    <img
      className="imageset-preview__image"
      height={150}
      src="https://d32dm0rphc51dk.cloudfront.net/0aRUvnVgQKbQk5dj8xcCAg/larger.jpg"
      style={
        Object {
          "marginRight": 10,
        }
      }
    />
    <img
      className="imageset-preview__image"
      height={150}
      src="https://artsy-media-uploads.s3.amazonaws.com/co8j2xq40ROMyBrJQm_4eQ%2FDafenOilPaintingVillage_AK03.jpg"
      style={
        Object {
          "marginRight": 10,
        }
      }
    />
    <img
      className="imageset-preview__image"
      height={150}
      src="https://d32dm0rphc51dk.cloudfront.net/CpHY-DRr7KW0HGXLslCXHw/larger.jpg"
      style={
        Object {
          "marginRight": 10,
        }
      }
    />
  </div>
  <div
    className="imageset-preview__remaining file__Remaining-s1l6im62-2 kUzkwY"
  >
    <div
      className="imageset-preview__icon-container file__IconContainer-s1l6im62-3 gaazlU"
    >
      <svg
        data-name="imageset"
        id="imageset"
        viewBox="0 0 44 44"
        xmlns="http://www.w3.org/2000/svg"
      >
        <path
          d="M6760.67,551.72h-32v-32h32v32Zm-30-2h28v-28h-28v28Z"
          transform="translate(-6728.67 -507.72)"
        />
        <polygon
          points="38 37 36 37 36 8 7 8 7 6 38 6 38 37"
        />
        <polygon
          points="44 31 42 31 42 2 13 2 13 0 44 0 44 31"
        />
      </svg>
      <div
        className="imageset-preview__length"
        style={
          Object {
            "left": 8,
            "position": "absolute",
            "top": 14,
          }
        }
      >
        <div
          className="file__Text-s1l6im62-1 cWalav"
        >
          3
        </div>
      </div>
    </div>
    <div
      className="imageset-preview__text file__Text-s1l6im62-1 cWalav"
    >
      Enter Slideshow
    </div>
  </div>
</div>
`;
