// Jest Snapshot v1, https://goo.gl/fbAQLP

exports[`renders a long caption properly 1`] = `
<div
  className="article-image"
>
  <img
    className="file__BlockImage-s19m6t81-3 blhqgP"
    src="https://artsy-media-uploads.s3.amazonaws.com/co8j2xq40ROMyBrJQm_4eQ%2FDafenOilPaintingVillage_AK03.jpg"
    width="100%"
  />
  <div
    className="file__CaptionContainer-s19m6t81-2 hauXGz"
  >
    <div
      className="file__Figcaption-s19m6t81-0 dpmSam"
      dangerouslySetInnerHTML={
        Object {
          "__html": "<p>Photo by Adam Kuehl for Artsy.</p>",
        }
      }
    />
    <div
      className="file__CaptionLink-s19m6t81-1 eqYtww"
    >
      View Fullscreen
    </div>
  </div>
</div>
`;

exports[`renders properly 1`] = `
<div
  className="article-image"
>
  <img
    className="file__BlockImage-s19m6t81-3 blhqgP"
    src="https://artsy-media-uploads.s3.amazonaws.com/co8j2xq40ROMyBrJQm_4eQ%2FDafenOilPaintingVillage_AK03.jpg"
    width="100%"
  />
  <div
    className="file__CaptionContainer-s19m6t81-2 hauXGz"
  >
    <div
      className="file__Figcaption-s19m6t81-0 dpmSam"
      dangerouslySetInnerHTML={
        Object {
          "__html": "<p>Photo by Adam Kuehl for Artsy.</p>",
        }
      }
    />
    <div
      className="file__CaptionLink-s19m6t81-1 eqYtww"
    >
      View Fullscreen
    </div>
  </div>
</div>
`;
