// Jest Snapshot v1, https://goo.gl/fbAQLP

exports[`ItemLink snapshot renders an item link 1`] = `
.c6 {
  font-family: artsy-icons;
  color: white;
  font-size: 11.55px;
  margin: 0 5px;
  display: inline-block;
  -webkit-letter-spacing: 0px;
  -moz-letter-spacing: 0px;
  -ms-letter-spacing: 0px;
  letter-spacing: 0px;
}

.c5 {
  width: 21px;
  height: 21px;
  background-color: black;
  border-radius: 50%;
  vertical-align: text-bottom;
  display: -webkit-inline-box;
  display: -webkit-inline-flex;
  display: -ms-inline-flexbox;
  display: inline-flex;
  -webkit-align-item: center;
  -webkit-box-align-item: center;
  -ms-flex-align-item: center;
  align-item: center;
  -webkit-box-pack: center;
  -webkit-justify-content: center;
  -ms-flex-pack: center;
  justify-content: center;
}

.c0 {
  display: -webkit-box;
  display: -webkit-flex;
  display: -ms-flexbox;
  display: flex;
  font-size: 14px;
  color: black;
  text-decoration: none;
  font-family: 'ITC Avant Garde Gothic W04', 'AvantGardeGothicITCW01D 731075', 'AvantGardeGothicITCW01Dm', 'Helvetica', 'sans-serif';
  -webkit-font-smoothing: antialiased;
  text-transform: uppercase;
  -webkit-letter-spacing: 1px;
  -moz-letter-spacing: 1px;
  -ms-letter-spacing: 1px;
  letter-spacing: 1px;
}

.c0:hover {
  background-color: #f8f8f8;
  cursor: pointer;
}

.c2 {
  margin: 10px 15px 10px 10px;
}

.c3 {
  -webkit-flex: 1;
  -ms-flex: 1;
  flex: 1;
  display: -webkit-box;
  display: -webkit-flex;
  display: -ms-flexbox;
  display: flex;
  -webkit-align-items: center;
  -webkit-box-align: center;
  -ms-flex-align: center;
  align-items: center;
}

.c1 {
  display: -webkit-box;
  display: -webkit-flex;
  display: -ms-flexbox;
  display: flex;
  -webkit-align-items: center;
  -webkit-box-align: center;
  -ms-flex-align: center;
  align-items: center;
}

.c4 {
  width: 50px;
  text-align: center;
}

<a
  className="c0"
  onClick={[Function]}
>
  <div
    className="c1"
  >
    <img
      className="c2"
      height={50}
      src="https://image.jpg"
      width={50}
    />
  </div>
  <div
    className="c3"
  >
    Andy Warhol
  </div>
  <div
    className="c1"
  >
    <div
      className="c4"
    >
      <div
        className="c5"
        color="black"
        fontSize="21px"
        name="close"
        style={
          Object {
            "transform": "rotate(45deg)",
          }
        }
      >
        <div
          className="c6"
          onClick={undefined}
          style={
            Object {
              "alignSelf": "center",
              "margin": 0,
            }
          }
        >
          î˜”
        </div>
      </div>
    </div>
  </div>
</a>
`;
