// Jest Snapshot v1, https://goo.gl/fbAQLP

exports[`SelectableToggle snapshot renders a selectable toggle 1`] = `
.c4 {
  font-family: artsy-icons;
  color: white;
  font-size: 7.2px;
  margin: 0 5px;
  display: inline-block;
  -webkit-letter-spacing: 0px;
  -moz-letter-spacing: 0px;
  -ms-letter-spacing: 0px;
  letter-spacing: 0px;
}

.c3 {
  width: 18px;
  height: 18px;
  background-color: black;
  border-radius: 50%;
  vertical-align: text-bottom;
  display: -webkit-inline-box;
  display: -webkit-inline-flex;
  display: -ms-inline-flexbox;
  display: inline-flex;
  -webkit-align-item: center;
  -webkit-box-align-item: center;
  -ms-flex-align-item: center;
  align-item: center;
  -webkit-box-pack: center;
  -webkit-justify-content: center;
  -ms-flex-pack: center;
  justify-content: center;
}

.c2 {
  float: right;
  margin-right: 15px;
  -webkit-box-pack: center;
  -webkit-justify-content: center;
  -ms-flex-pack: center;
  justify-content: center;
  display: -webkit-inline-box;
  display: -webkit-inline-flex;
  display: -ms-inline-flexbox;
  display: inline-flex;
}

.c0 {
  display: block;
  font-size: 14px;
  color: black;
  text-decoration: none;
  font-family: 'ITC Avant Garde Gothic W04', 'AvantGardeGothicITCW01D 731075', 'AvantGardeGothicITCW01Dm', 'Helvetica', 'sans-serif';
  -webkit-font-smoothing: antialiased;
  text-transform: uppercase;
  -webkit-letter-spacing: 1px;
  -moz-letter-spacing: 1px;
  -ms-letter-spacing: 1px;
  letter-spacing: 1px;
  padding: 30px 0 30px 15px;
  border-top: 1px solid #e5e5e5;
}

.c0:hover {
  background-color: #f8f8f8;
}

.c0:hover .c1 {
  display: -webkit-inline-box;
  display: -webkit-inline-flex;
  display: -ms-inline-flexbox;
  display: inline-flex;
  -webkit-box-pack: center;
  -webkit-justify-content: center;
  -ms-flex-pack: center;
  justify-content: center;
}

<div>
  <a
    className="c0"
    href="/artist/andy-warhol"
    onClick={[Function]}
  >
    Andy
    <div
      className="c1 c2"
    >
      <div
        className="c3"
        color="black"
        fontSize="18px"
        name="check"
      >
        <div
          className="c4"
          onClick={undefined}
          style={
            Object {
              "alignSelf": "center",
              "margin": 0,
            }
          }
        >
          î˜§
        </div>
      </div>
    </div>
  </a>
</div>
`;
