// Jest Snapshot v1, https://goo.gl/fbAQLP

exports[`SelectableLink snapshot renders a selectable link 1`] = `
.c3 {
  font-family: artsy-icons;
  color: white;
  font-size: 39px;
  margin: 0 5px;
  display: inline-block;
  -webkit-letter-spacing: 0px;
  -moz-letter-spacing: 0px;
  -ms-letter-spacing: 0px;
  letter-spacing: 0px;
}

.c2 {
  width: 18px;
  height: 18px;
  background-color: black;
  border-radius: 50%;
  float: right;
  margin-right: 15px;
  display: none;
  -webkit-box-pack: none;
  -webkit-justify-content: none;
  -ms-flex-pack: none;
  justify-content: none;
}

.c0 {
  display: block;
  font-size: 14px;
  color: black;
  text-decoration: none;
  font-family: 'ITC Avant Garde Gothic W04', 'AvantGardeGothicITCW01D 731075', 'AvantGardeGothicITCW01Dm', 'Helvetica', 'sans-serif';
  -webkit-font-smoothing: antialiased;
  text-transform: uppercase;
  -webkit-letter-spacing: 1px;
  -moz-letter-spacing: 1px;
  -ms-letter-spacing: 1px;
  letter-spacing: 1px;
  padding: 30px 0 30px 15px;
  border-top: 1px solid #e5e5e5;
}

.c0:hover {
  background-color: #f8f8f8;
  cursor: pointer;
}

.c0:hover .c1 {
  display: -webkit-inline-box;
  display: -webkit-inline-flex;
  display: -ms-inline-flexbox;
  display: inline-flex;
  -webkit-box-pack: center;
  -webkit-justify-content: center;
  -ms-flex-pack: center;
  justify-content: center;
}

@media (max-width:48em) {
  .c0 {
    padding: 15px 0 15px 15px;
  }
}

<div>
  <a
    className="c0"
    href="/artist/andy-warhol"
    onClick={[Function]}
  >
    Andy
    <div
      className="c1 c2"
    >
      <div
        className="c3"
        onClick={undefined}
        style={
          Object {
            "alignSelf": "center",
          }
        }
      >
        î˜¨
      </div>
    </div>
  </a>
</div>
`;
