// Jest Snapshot v1, https://goo.gl/fbAQLP

exports[`renders a news date header properly 1`] = `
.c0 {
  box-shadow: 0 0 5px 0 rgba(0,0,0,0.2);
  padding: 10px 20px;
  position: absolute;
  top: 0;
  left: 0;
  right: 0;
}

.c1 {
  display: -webkit-box;
  display: -webkit-flex;
  display: -ms-flexbox;
  display: flex;
  -webkit-box-pack: center;
  -webkit-justify-content: center;
  -ms-flex-pack: center;
  justify-content: center;
  max-width: 780px;
  margin: 0 auto;
  position: relative;
}

.c3 {
  font-family: Unica77LLWebMedium , 'Arial', 'serif';
  -webkit-font-smoothing: antialiased;
  font-size: 25px;
  line-height: 1.1em;
}

.c2 {
  font-family: Unica77LLWebMedium , 'Arial', 'serif';
  -webkit-font-smoothing: antialiased;
  font-size: 25px;
  line-height: 1.1em;
  position: absolute;
  left: 0;
}

@media (max-width:720px) {
  .c3 {
    font-family: Unica77LLWebMedium , 'Arial', 'serif';
    -webkit-font-smoothing: antialiased;
    font-size: 16px;
    line-height: 1.1em;
  }
}

@media (max-width:720px) {
  .c2 {
    font-family: Unica77LLWebMedium , 'Arial', 'serif';
    -webkit-font-smoothing: antialiased;
    font-size: 16px;
    line-height: 1.1em;
  }
}

<div
  className="c0"
>
  <div
    className="c1"
  >
    <div
      className="c2"
    >
      The News
    </div>
    <div
      className="c3"
    >
      Jul 19
    </div>
  </div>
</div>
`;
