exports[`3-way Handshake Thank You renders the snapshot 1`] = `
<div
  className="jBvxsI">
  <div
    className="hiqXMD">
    <a
      className="dHhWkf"
      href="/">
      <div
        className="gQelpA"
        style={undefined}>
        
      </div>
    </a>
    <a
      className="iDuDUI"
      href="/">
      Back To Artsy
    </a>
  </div>
  <div
    className="gIFuVs">
    <div
      className="dvtHsH">
      Thank you, 
      Percy
    </div>
  </div>
  <div
    className="eJDOxo">
    <p
      className="fTgPgI">
      Thank you for your interest in the program.
      <br />
      Have questions? Get in touch:  
      <a
        className="hNDkSz"
        href="mailto:loyalty@artsy.net">
        loyalty@artsy.net
      </a>
    </p>
  </div>
  <div
    className="ChQBa">
    <a
      className="gwPnRz"
      href="/">
      <span>
        Back to Artsy
      </span>
    </a>
  </div>
</div>
`;
