// Jest Snapshot v1, https://goo.gl/fbAQLP

exports[`RepeatVisitor renders the snapshot 1`] = `
<div
  className="file__Container-s1v35hel-0 jXWzWT"
>
  <div
    className="file__Nav-s1u3mk74-0 eyFpUf"
  >
    <a
      className="file__NavIcon-s1u3mk74-1 fNrbYg"
      href={undefined}
    >
      <div
        className="file-s1c6rdye-0 kdeDrI"
        style={undefined}
      >
        î˜ˆ
      </div>
    </a>
    <a
      className="file__StyledLink-lessph-0 dOrLNT"
      href="/"
    >
      Back To Artsy
    </a>
  </div>
  <div
    className="file__StyledTitle-s1hq9j8q-0 dyBmig"
    color="inherit"
  >
    Your purchases are being reviewed
  </div>
  <div
    className="file__Section-s1v35hel-1 kaSroQ"
  >
    <p
      className="file__Text-s1c2dxzg-0 KnAET"
    >
      We will be in touch once we confirm your
      <br />
      purchases with the galleries.
    </p>
  </div>
  <div
    className="file__ButtonWrapper-s1v35hel-2 RwEcq"
  >
    <a
      className="file__InvertedButton-v41jhc-0 iFBGcT file__StyledButton-s369tly-0 lbVfPC"
      href="/"
    >
      <span>
        Back to Artsy
      </span>
    </a>
  </div>
</div>
`;
