// Jest Snapshot v1, https://goo.gl/fbAQLP

exports[`login renders the snapshot 1`] = `
<div
  className="file__LoginContainer-on3ly7-0 itmAoK"
>
  <div
    className="file-s1c6rdye-0 cIZoIU"
    style={undefined}
  >
    
  </div>
  <p
    className="file__Text-s1c2dxzg-0 KnAET"
  >
    Welcome back, please log in 
    <br />
     to your account.
  </p>
  <form
    action="/log_in"
    method="POST"
    onSubmit={[Function]}
  >
    <input
      autoFocus={true}
      className="file__StyledInput-on3ly7-1 gfxtKt file__StyledInput-x98q95-0 hmhlRq"
      name="email"
      onChange={[Function]}
      placeholder="Email"
      value=""
    />
    <div
      className="file__StyledDiv-x98q95-2 dznoCR"
    >
      <div
        className="border-container"
      />
      <input
        className="file__BorderlessInput-x98q95-1 fSplxC"
        name="password"
        onBlur={[Function]}
        onChange={[Function]}
        onFocus={[Function]}
        placeholder="Password"
        type="password"
        value=""
      />
      <a
        className="file__StyledTextLink-s1bp9p6w-0 jZfohH"
        href={undefined}
      >
        Forgot?
      </a>
    </div>
    <button
      className="file__InvertedButton-v41jhc-0 iFBGcT file__StyledButton-s369tly-0 hXyghx"
    >
      <span>
        Log In
      </span>
    </button>
    <div
      className="file__StyledOrContainer-on3ly7-2 kKtTTi"
    >
      <div
        className="file__StyledOrText-on3ly7-3 eWDTHR"
      >
        or
      </div>
    </div>
    <a
      className="file-s4u6vgc-0 eGvXEt file__StyledButton-s369tly-0 hXyghx"
      href="/facebook"
    >
      <div
        className="file-s1c6rdye-0 bJkEYa"
        style={undefined}
      >
        
      </div>
      <span>
        Log in with Facebook
      </span>
    </a>
    <a
      className="file-s1wj4iv8-0 YkMyh file__StyledButton-s369tly-0 hXyghx"
      href="/twitter"
    >
      <div
        className="file-s1c6rdye-0 bJkEYa"
        style={undefined}
      >
        
      </div>
      <span>
        Log in with Twitter
      </span>
    </a>
  </form>
  <br />
</div>
`;
