exports[`ACB Thank You renders the snapshot 1`] = `
<div
  className="jBvxsI">
  <div
    className="hiqXMD">
    <a
      className="dHhWkf"
      href="/">
      <div
        className="gQelpA"
        style={undefined}>
        
      </div>
    </a>
    <a
      className="iDuDUI"
      href="/">
      Back To Artsy
    </a>
  </div>
  <div
    className="ChQBa">
    <p
      className="etNsCH">
      EARLY ACCESS
    </p>
  </div>
  <div
    className="dvtHsH">
    Artsy Collector Loyalty Program
  </div>
  <div
    className="ChQBa">
    <p
      className="fTgPgI">
      Thank you for your interest in the program.
      <br />
      Have questions? Get in touch:  
      <a
        className="hNDkSz"
        href="mailto:loyalty@artsy.net">
        loyalty@artsy.net
      </a>
    </p>
  </div>
  <div
    className="jzLjyo">
    <a
      className="gwPnRz"
      href="/">
      <span>
        Back to Artsy
      </span>
    </a>
  </div>
</div>
`;
