exports[`Artwork renders correctly 1`] = `
<div>
  <img
    className="bMAZFf"
    src="artsy.net/image-url" />
  <div
    className="jsqocU">
    <div>
      <div>
        <strong>
          <a
            className="fXYvAY"
            href={undefined}>
            Mikael Olson
          </a>
        </strong>
      </div>
      <a
        className="fXYvAY"
        href="/artwork/mikael-olson-some-kind-of-dinosaur">
        <em>
          Some Kind of Dinosaur
        </em>
        , 2015
      </a>
      <div>
        <a
          className="fXYvAY"
          href={undefined}>
          Gallery 1261
        </a>
      </div>
      <div>
        $875
      </div>
    </div>
    <div />
  </div>
</div>
`;
