// Jest Snapshot v1, https://goo.gl/fbAQLP

exports[`ErrorPage snapshots renders correctly 1`] = `
.c4 {
  margin-bottom: 32px;
}

.c2 {
  font-family: 'Adobe Garamond W08','adobe-garamond-pro','AGaramondPro-Regular','Times New Roman',Times,serif;
  font-size: 18px;
  line-height: 26px;
  color: black60;
}

.c6 {
  font-family: Unica77LLWebMedium,'Helvetica Neue',Helvetica,Arial,sans-serif;
  font-weight: 500;
  font-size: 14px;
  line-height: 20px;
  padding-top: 1px;
}

.c5 {
  cursor: pointer;
  position: relative;
  white-space: nowrap;
  border: 2px solid;
  border-radius: 3px;
  padding-left: 30px;
  padding-right: 30px;
  height: 50px;
  -webkit-transition: 0.25s ease;
  transition: 0.25s ease;
  background-color: #000;
  border-color: #000;
  color: #FFF;
}

.c5.loading {
  -webkit-transition: none;
  transition: none;
  background-color: transparent;
  color: transparent;
  border: 0;
}

.c5.disabled {
  background-color: #E5E5E5;
  border-color: #E5E5E5;
  color: #FFF;
  pointer-events: none;
}

.c3 {
  color: #000;
}

.c1 {
  max-width: 60%;
  margin: 40px auto;
  font-family: 'Adobe Garamond W08','adobe-garamond-pro','AGaramondPro-Regular','Times New Roman',Times,serif;
  font-size: 40px;
  line-height: 1.1em;
  -webkit-font-smoothing: antialiased;
}

.c0 {
  position: absolute;
  text-align: center;
  width: 100%;
  margin: 0;
  padding: 0 20px;
  top: calc(50% - 70px);
  left: 50%;
  -webkit-transform: translate(-50%,-50%);
  -ms-transform: translate(-50%,-50%);
  transform: translate(-50%,-50%);
}

.c0:before {
  content: "404";
  display: block;
  position: absolute;
  top: calc(50% + 30px);
  left: 50%;
  -webkit-transform: translate(-50%,-50%);
  -ms-transform: translate(-50%,-50%);
  transform: translate(-50%,-50%);
  text-align: center;
  font-size: 535px;
  line-height: 1;
  z-index: -1;
  color: #F8F8F8;
}

@media not all and (pointer:coarse),not all and (-moz-touch-enabled:1) {
  .c5:hover {
    background-color: #6E1EFF;
    border-color: #6E1EFF;
    color: #FFF;
  }
}

<div
  className="c0"
>
  <div
    className="c1"
  >
    Sorry, the page you were looking for doesnâ€™t exist at this URL.
  </div>
  <div
    className="c2"
    color="black60"
    fontFamily="'Adobe Garamond W08', 'adobe-garamond-pro', 'AGaramondPro-Regular', 'Times New Roman', Times, serif"
    fontSize={18}
  >
    Please contact
     
    <a
      className="c3"
      href="mailto:support@artsy.net"
    >
      support@artsy.net
    </a>
     with any questions.
  </div>
  <div
    className="c4"
  />
  <a
    className="c3"
    href="/"
  >
    <button
      className="  c5"
      height="50px"
    >
      <div
        className="c6"
        fontFamily={
          Object {
            "fontFamily": "Unica77LLWebMedium, 'Helvetica Neue', Helvetica, Arial, sans-serif",
            "fontWeight": 500,
          }
        }
        fontSize={14}
      >
        Go to Artsy homepage
      </div>
    </button>
  </a>
</div>
`;
