// Jest Snapshot v1, https://goo.gl/fbAQLP

exports[`<ForgotPassword /> renders the snapshot 1`] = `
<div
  className="file__Container-s14nnnzj-0 fJomXk"
>
  <div
    className="file-s1c6rdye-0 cIZoIU"
    style={undefined}
  >
    î˜‘
  </div>
  <p
    className="file__Text-s1c2dxzg-0 KnAET"
  >
    Enter the email address associated
    <br />
    with your account.
  </p>
  <div
    className="message-box"
  >
    
  </div>
  <input
    autoFocus={true}
    className="file__StyledInput-s14nnnzj-1 ehTiZT file__StyledInput-x98q95-0 hmhlRq"
    name="email"
    onChange={[Function]}
    placeholder="Email"
    value=""
  />
  <button
    className="file__InvertedButton-v41jhc-0 huDpF file__StyledButton-s369tly-0 bTPOQl"
    disabled={true}
    onClick={[Function]}
  >
    <span>
      Reset Password
    </span>
  </button>
</div>
`;
