// Jest Snapshot v1, https://goo.gl/fbAQLP

exports[`3-way Handshake Thank You renders the snapshot 1`] = `
<div
  className="file__Container-s1ds4mkl-0 ftveYg"
>
  <div
    className="file__Nav-s1u3mk74-0 eyFpUf"
  >
    <a
      className="file__NavIcon-s1u3mk74-1 fNrbYg"
      href={undefined}
    >
      <div
        className="file-s1c6rdye-0 kdeDrI"
        style={undefined}
      >
        
      </div>
    </a>
    <a
      className="file__StyledLink-lessph-0 dOrLNT"
      href="/"
    >
      Back To Artsy
    </a>
  </div>
  <div
    className="file__TitleSection-s1ds4mkl-1 kLJIlb"
  >
    <div
      className="file__StyledTitle-s1hq9j8q-0 dyBmig"
      color="inherit"
    >
      Thank you, 
      Percy
    </div>
  </div>
  <div
    className="file__TextSection-s1ds4mkl-2 gkUPSF"
  >
    <p
      className="file__Text-s1c2dxzg-0 KnAET"
    >
      Thank you for your interest in the program.
      <br />
      Have questions? Get in touch:  
      <a
        className="file__StyledTextLink-s1bp9p6w-0 fAxtkq"
        href="mailto:loyalty@artsy.net"
      >
        loyalty@artsy.net
      </a>
    </p>
  </div>
  <div
    className="file__ButtonWrapper-s1ds4mkl-3 kGjSoU"
  >
    <a
      className="file__InvertedButton-v41jhc-0 iFBGcT file__StyledButton-s369tly-0 lbVfPC"
      href="/"
    >
      <span>
        Back to Artsy
      </span>
    </a>
  </div>
</div>
`;
